exports[`[object Object] 1`] = `
<span
  className="kLKimt">
  Button
</span>
`;
