exports[`[object Object] 1`] = `
<button
  className="ghDeUf"
  onClick={[Function]}>
  
  <input
    accept="image/*"
    onChange={[Function]}
    style={
      Object {
        "display": "none",
      }
    }
    type="file" />
</button>
`;
