exports[`[object Object] 1`] = `
<div
  className="kqVIfr">
  <button
    className="cODic"
    onClick={[Function]}>
    X
  </button>
</div>
`;
