exports[`[object Object] 1`] = `
ShallowWrapper {
  "complexSelector": ComplexSelector {
    "buildPredicate": [Function],
    "childrenOfNode": [Function],
    "findWhereUnwrapped": [Function],
  },
  "length": 1,
  "node": <Decorated(Toolbar) />,
  "nodes": Array [
    <Decorated(Toolbar) />,
  ],
  "options": Object {},
  "renderer": ReactShallowRenderer {
    "_instance": ShallowComponentWrapper {
      "_calledComponentWillUnmount": false,
      "_compositeType": 2,
      "_context": Object {},
      "_currentElement": <Unknown
        editorState={Object {}}
        focus={[Function]}
        showToolbar={true}
        toggleBlockType={[Function]}
        toggleInlineStyle={[Function]} />,
      "_debugID": 1,
      "_hostContainerInfo": null,
      "_hostParent": null,
      "_instance": StatelessComponent {
        "_reactInternalInstance": [Circular],
        "context": Object {},
        "props": Object {
          "editorState": Object {},
          "focus": [Function],
          "showToolbar": true,
          "toggleBlockType": [Function],
          "toggleInlineStyle": [Function],
        },
        "refs": Object {},
        "state": null,
        "updater": Object {
          "enqueueCallback": [Function],
          "enqueueCallbackInternal": [Function],
          "enqueueElementInternal": [Function],
          "enqueueForceUpdate": [Function],
          "enqueueReplaceState": [Function],
          "enqueueSetState": [Function],
          "isMounted": [Function],
          "validateCallback": [Function],
        },
      },
      "_mountOrder": 1,
      "_pendingCallbacks": null,
      "_pendingElement": null,
      "_pendingForceUpdate": false,
      "_pendingReplaceState": false,
      "_pendingStateQueue": null,
      "_renderedComponent": NoopInternalComponent {
        "_currentElement": <Decorated(Toolbar) />,
        "_debugID": 2,
        "_renderedOutput": <Decorated(Toolbar) />,
      },
      "_renderedNodeType": 1,
      "_rootNodeID": 0,
      "_topLevelWrapper": null,
      "_updateBatchNumber": null,
      "_warnedAboutRefsInRender": false,
    },
    "getRenderOutput": [Function],
    "render": [Function],
  },
  "root": [Circular],
  "unrendered": <Unknown
    editorState={Object {}}
    focus={[Function]}
    showToolbar={true}
    toggleBlockType={[Function]}
    toggleInlineStyle={[Function]} />,
}
`;
