exports[`[object Object] 1`] = `
<div
  className="bTBOOs">
  Yes
</div>
`;
