exports[`[object Object] 1`] = `
<div
  className="kqVIfr">
  Yeah
</div>
`;
