exports[`[object Object] 1`] = `
<button
  className="gQaBkS"
  onClick={[Function]}>
  
</button>
`;
